../Core/Src/main.c:71:5:main	8	static
../Core/Src/main.c:122:6:SystemClock_Config	88	static
../Core/Src/main.c:175:13:MX_TIM3_Init	32	static
../Core/Src/main.c:220:13:MX_TIM4_Init	32	static
../Core/Src/main.c:265:13:MX_TIM6_Init	16	static
../Core/Src/main.c:303:13:MX_TIM7_Init	16	static
../Core/Src/main.c:341:13:MX_GPIO_Init	48	static
../Core/Src/main.c:386:6:LED_OnOff	16	static
../Core/Src/main.c:395:6:HAL_TIM_PeriodElapsedCallback	16	static
../Core/Src/main.c:408:6:Error_Handler	4	static,ignoring_inline_asm
