23:19:17 **** Incremental Build of configuration Debug for project EXTI_Plus1 ****
make -j12 all 
arm-none-eabi-gcc "../Core/Src/main.c" -mcpu=cortex-m4 -std=gnu11 -g3 -DDEBUG -DUSE_HAL_DRIVER -DSTM32F429xx -c -I../Core/Inc -I../Drivers/STM32F4xx_HAL_Driver/Inc -I../Drivers/STM32F4xx_HAL_Driver/Inc/Legacy -I../Drivers/CMSIS/Device/ST/STM32F4xx/Include -I../Drivers/CMSIS/Include -O0 -ffunction-sections -fdata-sections -Wall -fstack-usage -MMD -MP -MF"Core/Src/main.d" -MT"Core/Src/main.o" --specs=nano.specs -mfpu=fpv4-sp-d16 -mfloat-abi=hard -mthumb -o "Core/Src/main.o"
arm-none-eabi-gcc -o "EXTI_Plus1.elf" @"objects.list"   -mcpu=cortex-m4 -T"C:\Users\pjh09\STM32CubeIDE\workspace_1.10.1\EXTI_Plus1\STM32F429ZITX_FLASH.ld" --specs=nosys.specs -Wl,-Map="EXTI_Plus1.map" -Wl,--gc-sections -static --specs=nano.specs -mfpu=fpv4-sp-d16 -mfloat-abi=hard -mthumb -Wl,--start-group -lc -lm -Wl,--end-group
Finished building target: EXTI_Plus1.elf
 
arm-none-eabi-size   EXTI_Plus1.elf 
arm-none-eabi-objdump -h -S  EXTI_Plus1.elf  > "EXTI_Plus1.list"
   text	   data	    bss	    dec	    hex	filename
   6540	     20	   1588	   8148	   1fd4	EXTI_Plus1.elf
Finished building: default.size.stdout
 
Finished building: EXTI_Plus1.list
 

23:19:19 Build Finished. 0 errors, 0 warnings. (took 1s.859ms)

